// Jest Snapshot v1, https://goo.gl/fbAQLP

exports[`CardBikes Matches Snapshot 1`] = `
<body>
  <div>
    <div
      class="MuiGrid-root MuiGrid-container MuiGrid-spacing-xs-2 MuiGrid-spacing-md-2 css-r2d2jo-MuiGrid-root"
    />
  </div>
</body>
`;
