// Jest Snapshot v1, https://goo.gl/fbAQLP

exports[`DashBoard Matches Snapshot 1`] = `
<body>
  <div>
    <div
      class="MuiBox-root css-0"
    >
      <div
        class="MuiGrid-root css-vj1n65-MuiGrid-root"
      >
        <div
          class="MuiBox-root css-0"
        >
           
          <div
            class="MuiBox-root css-0"
          >
            <h3
              class="MuiTypography-root MuiTypography-h3 css-gepadz-MuiTypography-root"
            >
              TVS Bikes
            </h3>
          </div>
          <br />
          <h6
            class="MuiTypography-root MuiTypography-h6 css-2ulfj5-MuiTypography-root"
          >
            <span
              aria-label="5 Stars"
              class="MuiRating-root MuiRating-sizeMedium MuiRating-readyOnly css-ryrseu-MuiRating-root"
              role="img"
            >
              <span>
                <span
                  class="MuiRating-icon MuiRating-iconFilled css-7qmtgc-MuiRating-icon"
                >
                  <svg
                    aria-hidden="true"
                    class="MuiSvgIcon-root MuiSvgIcon-fontSizeInherit css-1vooibu-MuiSvgIcon-root"
                    data-testid="StarIcon"
                    focusable="false"
                    viewBox="0 0 24 24"
                  >
                    <path
                      d="M12 17.27L18.18 21l-1.64-7.03L22 9.24l-7.19-.61L12 2 9.19 8.63 2 9.24l5.46 4.73L5.82 21z"
                    />
                  </svg>
                </span>
              </span>
              <span>
                <span
                  class="MuiRating-icon MuiRating-iconFilled css-7qmtgc-MuiRating-icon"
                >
                  <svg
                    aria-hidden="true"
                    class="MuiSvgIcon-root MuiSvgIcon-fontSizeInherit css-1vooibu-MuiSvgIcon-root"
                    data-testid="StarIcon"
                    focusable="false"
                    viewBox="0 0 24 24"
                  >
                    <path
                      d="M12 17.27L18.18 21l-1.64-7.03L22 9.24l-7.19-.61L12 2 9.19 8.63 2 9.24l5.46 4.73L5.82 21z"
                    />
                  </svg>
                </span>
              </span>
              <span>
                <span
                  class="MuiRating-icon MuiRating-iconFilled css-7qmtgc-MuiRating-icon"
                >
                  <svg
                    aria-hidden="true"
                    class="MuiSvgIcon-root MuiSvgIcon-fontSizeInherit css-1vooibu-MuiSvgIcon-root"
                    data-testid="StarIcon"
                    focusable="false"
                    viewBox="0 0 24 24"
                  >
                    <path
                      d="M12 17.27L18.18 21l-1.64-7.03L22 9.24l-7.19-.61L12 2 9.19 8.63 2 9.24l5.46 4.73L5.82 21z"
                    />
                  </svg>
                </span>
              </span>
              <span>
                <span
                  class="MuiRating-icon MuiRating-iconFilled css-7qmtgc-MuiRating-icon"
                >
                  <svg
                    aria-hidden="true"
                    class="MuiSvgIcon-root MuiSvgIcon-fontSizeInherit css-1vooibu-MuiSvgIcon-root"
                    data-testid="StarIcon"
                    focusable="false"
                    viewBox="0 0 24 24"
                  >
                    <path
                      d="M12 17.27L18.18 21l-1.64-7.03L22 9.24l-7.19-.61L12 2 9.19 8.63 2 9.24l5.46 4.73L5.82 21z"
                    />
                  </svg>
                </span>
              </span>
              <span>
                <span
                  class="MuiRating-icon MuiRating-iconFilled css-7qmtgc-MuiRating-icon"
                >
                  <svg
                    aria-hidden="true"
                    class="MuiSvgIcon-root MuiSvgIcon-fontSizeInherit css-1vooibu-MuiSvgIcon-root"
                    data-testid="StarIcon"
                    focusable="false"
                    viewBox="0 0 24 24"
                  >
                    <path
                      d="M12 17.27L18.18 21l-1.64-7.03L22 9.24l-7.19-.61L12 2 9.19 8.63 2 9.24l5.46 4.73L5.82 21z"
                    />
                  </svg>
                </span>
              </span>
            </span>
             Avg Rating for TVS Bikes and Scooters based on 27591 reviews
          </h6>
          <h6
            class="MuiTypography-root MuiTypography-h6 css-2ulfj5-MuiTypography-root"
          >
            TVS bikes price in India starts at Rs 45,241 for TVS XL100, which is the cheapest model. The most expensive TVS two wheeler is TVS Apache RR 310 priced at Rs 2.65 Lakh. The most popular models for TVS includes 4 Sports , 7 Scooters, 1 Electric, 1 Cruiser, 1Cafe Racer , 2 Commuter, 1Moped and 1 Sports Naked. Upcoming TVS bike in India include TVS ADV, TVS Apache RTR 310 , TVS iQube Electric which are expected to launch in 2023. Select a TVS motorcycle to find out its latest price, specifications, TVS Finance, offers, mileage, colors, images and more at BikeDekho. To get more details of TVS bikes, download BikeDekho App.Searching for TVS Scooters?
          </h6>
        </div>
        <br />
      </div>
      <h3
        class="MuiTypography-root MuiTypography-h3 css-gepadz-MuiTypography-root"
      >
        TVS Bikes Price List 2023 in India 
      </h3>
      <br />
      <div
        class="MuiBox-root css-1jq1mn1"
      >
        <div
          class="MuiBox-root css-0"
        >
          <button
            class="MuiButtonBase-root MuiButton-root MuiButton-text MuiButton-textPrimary MuiButton-sizeMedium MuiButton-textSizeMedium MuiButton-root MuiButton-text MuiButton-textPrimary MuiButton-sizeMedium MuiButton-textSizeMedium active css-1e6y48t-MuiButtonBase-root-MuiButton-root"
            tabindex="0"
            type="button"
          >
            Scooter
            <span
              class="MuiTouchRipple-root css-8je8zh-MuiTouchRipple-root"
            />
          </button>
        </div>
        <div
          class="MuiBox-root css-0"
        >
          <button
            class="MuiButtonBase-root MuiButton-root MuiButton-text MuiButton-textPrimary MuiButton-sizeMedium MuiButton-textSizeMedium MuiButton-root MuiButton-text MuiButton-textPrimary MuiButton-sizeMedium MuiButton-textSizeMedium active css-1e6y48t-MuiButtonBase-root-MuiButton-root"
            tabindex="0"
            type="button"
          >
            Motor Cycles
            <span
              class="MuiTouchRipple-root css-8je8zh-MuiTouchRipple-root"
            />
          </button>
        </div>
        <div
          class="MuiBox-root css-0"
        >
          <button
            class="MuiButtonBase-root MuiButton-root MuiButton-text MuiButton-textPrimary MuiButton-sizeMedium MuiButton-textSizeMedium MuiButton-root MuiButton-text MuiButton-textPrimary MuiButton-sizeMedium MuiButton-textSizeMedium active css-1e6y48t-MuiButtonBase-root-MuiButton-root"
            tabindex="0"
            type="button"
          >
            Mopeds
            <span
              class="MuiTouchRipple-root css-8je8zh-MuiTouchRipple-root"
            />
          </button>
        </div>
        <div
          class="MuiBox-root css-0"
        >
          <button
            class="MuiButtonBase-root MuiButton-root MuiButton-text MuiButton-textPrimary MuiButton-sizeMedium MuiButton-textSizeMedium MuiButton-root MuiButton-text MuiButton-textPrimary MuiButton-sizeMedium MuiButton-textSizeMedium active css-1e6y48t-MuiButtonBase-root-MuiButton-root"
            tabindex="0"
            type="button"
          >
            Electric
            <span
              class="MuiTouchRipple-root css-8je8zh-MuiTouchRipple-root"
            />
          </button>
        </div>
      </div>
    </div>
  </div>
</body>
`;
